******************************************************************************
                  TI ARM Linker PC v18.12.1                    
******************************************************************************
>> Linked Thu Feb 20 17:13:18 2020

OUTPUT FILE NAME:   <empty_MSP_EXP432P401R_nortos_ccs.out>
ENTRY POINT SYMBOL: "_c_int00_noargs"  address: 00000e61


MEMORY CONFIGURATION

         name            origin    length      used     unused   attr    fill
----------------------  --------  ---------  --------  --------  ----  --------
  MAIN                  00000000   00040000  000010ba  0003ef46  R  X
  INFO                  00200000   00004000  00000000  00004000  R  X
  SRAM_CODE             01000000   00010000  00004d1d  0000b2e3  RW X
  SRAM_DATA             20000000   00010000  00004d1d  0000b2e3  RW  


SEGMENT ALLOCATION MAP

run origin  load origin   length   init length attrs members
----------  ----------- ---------- ----------- ----- -------
00000000    00000000    000010c0   000010c0    r-x
  00000000    00000000    000000e4   000000e4    r-- .intvecs
  000000e4    000000e4    00000f42   00000f42    r-x .text
  00001028    00001028    0000005c   0000005c    r-- .const
  00001088    00001088    00000038   00000038    r-- .cinit
20000000    20000000    00004b20   00000000    rw-
  20000000    20000000    00004b11   00000000    rw- .bss
  20004b14    20004b14    0000000c   00000000    rw- .data
2000fe00    2000fe00    00000200   00000000    rw-
  2000fe00    2000fe00    00000200   00000000    rw- .stack


SECTION ALLOCATION MAP

 output                                  attributes/
section   page    origin      length       input sections
--------  ----  ----------  ----------   ----------------
.intvecs   0    00000000    000000e4     
                  00000000    000000e4     startup_msp432p401r_ccs.obj (.intvecs:retain)

.text      0    000000e4    00000f42     
                  000000e4    000001b6     rtsv7M4_T_le_v4SPD16_eabi.lib : fd_add_t2.asm.obj (.text)
                  0000029a    00000002     startup_msp432p401r_ccs.obj (.text:Default_Handler)
                  0000029c    00000164     main.obj (.text:main)
                  00000400    00000130     msp432p4xx_driverlib.lib : cs.o (.text:CS_initClockSignal)
                  00000530    000000f8     rtsv7M4_T_le_v4SPD16_eabi.lib : s_ceil.c.obj (.text:ceil)
                  00000628    000000a0     main.obj (.text:populateMatrix)
                  000006c8    0000009e     main.obj (.text:matrixMult)
                  00000766    0000009c     rtsv7M4_T_le_v4SPD16_eabi.lib : memcpy_t2.asm.obj (.text)
                  00000802    00000002                                   : _lock.c.obj (.text:_nop)
                  00000804    00000088     msp432p4xx_driverlib.lib : gpio.o (.text:GPIO_setAsPeripheralModuleFunctionInputPin)
                  0000088c    00000088                              : gpio.o (.text:GPIO_setAsPeripheralModuleFunctionOutputPin)
                  00000914    00000086     rtsv7M4_T_le_v4SPD16_eabi.lib : fd_cmp_t2.asm.obj (.text:__aeabi_cdrcmple)
                  0000099a    00000002     --HOLE-- [fill = 0]
                  0000099c    00000080     msp432p4xx_driverlib.lib : interrupt.o (.text:Interrupt_enableInterrupt)
                  00000a1c    0000007a     rtsv7M4_T_le_v4SPD16_eabi.lib : memset_t2.asm.obj (.text)
                  00000a96    00000002     --HOLE-- [fill = 0]
                  00000a98    00000078     system_msp432p401r.obj (.text:SystemInit)
                  00000b10    00000068     msp432p4xx_driverlib.lib : timer32.o (.text:Timer32_initModule)
                  00000b78    00000068     rtsv7M4_T_le_v4SPD16_eabi.lib : copy_decompress_lzss.c.obj (.text:decompress:lzss:__TI_decompress_lzss)
                  00000be0    00000056     msp432p4xx_driverlib.lib : uart.o (.text:UART_getEnabledInterruptStatus)
                  00000c36    00000002     --HOLE-- [fill = 0]
                  00000c38    00000048     main.obj (.text:EUSCIA0_IRQHandler)
                  00000c80    00000048     msp432p4xx_driverlib.lib : flash.o (.text:FlashCtl_setWaitState)
                  00000cc8    00000048     rtsv7M4_T_le_v4SPD16_eabi.lib : fd_toi_t2.asm.obj (.text)
                  00000d10    00000044                                   : autoinit.c.obj (.text:__TI_auto_init_nobinit_nopinit:__TI_auto_init_nobinit_nopinit)
                  00000d54    00000038     msp432p4xx_driverlib.lib : timer32.o (.text:Timer32_startTimer)
                  00000d8c    00000038     rtsv7M4_T_le_v4SPD16_eabi.lib : fs_tod_t2.asm.obj (.text)
                  00000dc4    00000034     msp432p4xx_driverlib.lib : cs.o (.text:CS_setDCOCenteredFrequency)
                  00000df8    00000034                              : timer32.o (.text:Timer32_setCount)
                  00000e2c    00000034                              : uart.o (.text:UART_transmitData)
                  00000e60    00000034     rtsv7M4_T_le_v4SPD16_eabi.lib : boot_cortex_m.c.obj (.text:_c_int00_noargs:_c_int00_noargs)
                  00000e94    00000034                                   : rand.c.obj (.text:rand)
                  00000ec8    00000030     msp432p4xx_driverlib.lib : uart.o (.text:UART_enableInterrupt)
                  00000ef8    00000030                              : uart.o (.text:UART_receiveData)
                  00000f28    00000024     main.obj (.text:delay)
                  00000f4c    00000024     rtsv7M4_T_le_v4SPD16_eabi.lib : rand.c.obj (.text:srand)
                  00000f70    00000018     msp432p4xx_driverlib.lib : uart.o (.text:UART_getInterruptStatus)
                  00000f88    00000018     main.obj (.text:tic)
                  00000fa0    00000018     main.obj (.text:toc)
                  00000fb8    00000016     msp432p4xx_driverlib.lib : uart.o (.text:UART_clearInterruptFlag)
                  00000fce    00000010                              : interrupt.o (.text:Interrupt_enableMaster)
                  00000fde    0000000e                              : timer32.o (.text:Timer32_getValue)
                  00000fec    0000000e     rtsv7M4_T_le_v4SPD16_eabi.lib : copy_decompress_none.c.obj (.text:decompress:none:__TI_decompress_none)
                  00000ffa    0000000c     msp432p4xx_driverlib.lib : cpu.o (.text:CPU_cpsie)
                  00001006    0000000c     startup_msp432p401r_ccs.obj (.text:Reset_Handler)
                  00001012    0000000c     rtsv7M4_T_le_v4SPD16_eabi.lib : copy_zero_init.c.obj (.text:decompress:ZI:__TI_zero_init)
                  0000101e    00000004                                   : pre_init.c.obj (.text:_system_pre_init)
                  00001022    00000004                                   : exit.c.obj (.text:abort:abort)

.const     0    00001028    0000005c     
                  00001028    00000030     msp432p4xx_driverlib.lib : gpio.o (.const:GPIO_PORT_TO_BASE)
                  00001058    00000024     main.obj (.const:uartConfig)
                  0000107c    00000008     msp432p4xx_driverlib.lib : interrupt.o (.const:g_pulEnRegs)

.cinit     0    00001088    00000038     
                  00001088    0000000f     (.cinit..data.load) [load image, compression = lzss]
                  00001097    00000001     --HOLE-- [fill = 0]
                  00001098    0000000c     (__TI_handler_table)
                  000010a4    00000004     --HOLE-- [fill = 0]
                  000010a8    00000008     (.cinit..bss.load) [load image, compression = zero_init]
                  000010b0    00000010     (__TI_cinit_table)

.init_array 
*          0    00000000    00000000     UNINITIALIZED

.binit     0    00000000    00000000     

.bss       0    20000000    00004b11     UNINITIALIZED
                  20000000    00001900     (.common:A)
                  20001900    00001900     (.common:B)
                  20003200    00001900     (.common:C)
                  20004b00    00000004     (.common:elapsedTime)
                  20004b04    00000004     (.common:end)
                  20004b08    00000004     (.common:i)
                  20004b0c    00000004     (.common:start)
                  20004b10    00000001     (.common:interval)

.data      0    20004b14    0000000c     UNINITIALIZED
                  20004b14    00000008     rtsv7M4_T_le_v4SPD16_eabi.lib : _lock.c.obj (.data:$O1$$)
                  20004b1c    00000004                                   : rand.c.obj (.data)

.stack     0    2000fe00    00000200     UNINITIALIZED
                  2000fe00    00000004     rtsv7M4_T_le_v4SPD16_eabi.lib : boot_cortex_m.c.obj (.stack)
                  2000fe04    000001fc     --HOLE--

MODULE SUMMARY

       Module                        code   ro data   rw data
       ------                        ----   -------   -------
    .\
       main.obj                      830    36        38434  
       system_msp432p401r.obj        120    0         0      
    +--+-----------------------------+------+---------+---------+
       Total:                        950    36        38434  
                                                             
    .\ccs\
       startup_msp432p401r_ccs.obj   14     228       0      
    +--+-----------------------------+------+---------+---------+
       Total:                        14     228       0      
                                                             
    C:/ti/simplelink_msp432p4_sdk_2_40_00_10/source/ti/devices/msp432p4xx/driverlib/ccs/msp432p4xx_driverlib.lib
       cs.o                          356    0         0      
       gpio.o                        272    48        0      
       uart.o                        280    0         0      
       timer32.o                     226    0         0      
       interrupt.o                   144    8         0      
       flash.o                       72     0         0      
       cpu.o                         12     0         0      
    +--+-----------------------------+------+---------+---------+
       Total:                        1362   56        0      
                                                             
    C:\ti\ccs900\ccs\tools\compiler\ti-cgt-arm_18.12.1.LTS\lib\rtsv7M4_T_le_v4SPD16_eabi.lib
       fd_add_t2.asm.obj             438    0         0      
       s_ceil.c.obj                  248    0         0      
       memcpy_t2.asm.obj             156    0         0      
       fd_cmp_t2.asm.obj             134    0         0      
       memset_t2.asm.obj             122    0         0      
       copy_decompress_lzss.c.obj    104    0         0      
       rand.c.obj                    88     0         8      
       fd_toi_t2.asm.obj             72     0         0      
       autoinit.c.obj                68     0         0      
       fs_tod_t2.asm.obj             56     0         0      
       boot_cortex_m.c.obj           52     0         0      
       _lock.c.obj                   2      0         16     
       copy_decompress_none.c.obj    14     0         0      
       copy_zero_init.c.obj          12     0         0      
       exit.c.obj                    4      0         0      
       pre_init.c.obj                4      0         0      
    +--+-----------------------------+------+---------+---------+
       Total:                        1574   0         24     
                                                             
       Stack:                        0      0         1024   
       Linker Generated:             0      51        0      
    +--+-----------------------------+------+---------+---------+
       Grand Total:                  3900   371       39482  


LINKER GENERATED COPY TABLES

__TI_cinit_table @ 000010b0 records: 2, size/record: 8, table size: 16
	.data: load addr=00001088, load size=0000000f bytes, run addr=20004b14, run size=0000000c bytes, compression=lzss
	.bss: load addr=000010a8, load size=00000008 bytes, run addr=20000000, run size=00004b11 bytes, compression=zero_init


LINKER GENERATED HANDLER TABLE

__TI_handler_table @ 00001098 records: 3, size/record: 4, table size: 12
	index: 0, handler: __TI_decompress_lzss
	index: 1, handler: __TI_decompress_none
	index: 2, handler: __TI_zero_init


GLOBAL SYMBOLS: SORTED ALPHABETICALLY BY Name 

address   name                                       
-------   ----                                       
20000000  A                                          
0000029b  ADC14_IRQHandler                           
0000029b  AES256_IRQHandler                          
20001900  B                                          
0000029b  BusFault_Handler                           
20003200  C                                          
00001023  C$$EXIT                                    
0000029b  COMP_E0_IRQHandler                         
0000029b  COMP_E1_IRQHandler                         
00000ffb  CPU_cpsie                                  
0000029b  CS_IRQHandler                              
00000401  CS_initClockSignal                         
00000dc5  CS_setDCOCenteredFrequency                 
0000029b  DMA_ERR_IRQHandler                         
0000029b  DMA_INT0_IRQHandler                        
0000029b  DMA_INT1_IRQHandler                        
0000029b  DMA_INT2_IRQHandler                        
0000029b  DMA_INT3_IRQHandler                        
0000029b  DebugMon_Handler                           
0000029b  Default_Handler                            
00000c39  EUSCIA0_IRQHandler                         
00000c39  EUSCIA0_IRQHandler                         
0000029b  EUSCIA1_IRQHandler                         
0000029b  EUSCIA2_IRQHandler                         
0000029b  EUSCIA3_IRQHandler                         
0000029b  EUSCIB0_IRQHandler                         
0000029b  EUSCIB1_IRQHandler                         
0000029b  EUSCIB2_IRQHandler                         
0000029b  EUSCIB3_IRQHandler                         
0000029b  FLCTL_IRQHandler                           
0000029b  FPU_IRQHandler                             
00000c81  FlashCtl_setWaitState                      
00000805  GPIO_setAsPeripheralModuleFunctionInputPin 
0000088d  GPIO_setAsPeripheralModuleFunctionOutputPin
0000029b  HardFault_Handler                          
0000099d  Interrupt_enableInterrupt                  
00000fcf  Interrupt_enableMaster                     
0000029b  MemManage_Handler                          
0000029b  NMI_Handler                                
0000029b  PCM_IRQHandler                             
0000029b  PORT1_IRQHandler                           
0000029b  PORT2_IRQHandler                           
0000029b  PORT3_IRQHandler                           
0000029b  PORT4_IRQHandler                           
0000029b  PORT5_IRQHandler                           
0000029b  PORT6_IRQHandler                           
0000029b  PSS_IRQHandler                             
0000029b  PendSV_Handler                             
0000029b  RTC_C_IRQHandler                           
00001007  Reset_Handler                              
0000029b  SVC_Handler                                
0000029b  SysTick_Handler                            
00000a99  SystemInit                                 
0000029b  T32_INT1_IRQHandler                        
0000029b  T32_INT2_IRQHandler                        
0000029b  T32_INTC_IRQHandler                        
0000029b  TA0_0_IRQHandler                           
0000029b  TA0_N_IRQHandler                           
0000029b  TA1_0_IRQHandler                           
0000029b  TA1_N_IRQHandler                           
0000029b  TA2_0_IRQHandler                           
0000029b  TA2_N_IRQHandler                           
0000029b  TA3_0_IRQHandler                           
0000029b  TA3_N_IRQHandler                           
00000fdf  Timer32_getValue                           
00000b11  Timer32_initModule                         
00000df9  Timer32_setCount                           
00000d55  Timer32_startTimer                         
00000fb9  UART_clearInterruptFlag                    
00000ec9  UART_enableInterrupt                       
00000be1  UART_getEnabledInterruptStatus             
00000f71  UART_getInterruptStatus                    
00000ef9  UART_receiveData                           
00000e2d  UART_transmitData                          
0000029b  UsageFault_Handler                         
4000480c  WDTCTL_SYM                                 
0000029b  WDT_A_IRQHandler                           
20010000  __STACK_END                                
00000200  __STACK_SIZE                               
000010b0  __TI_CINIT_Base                            
000010c0  __TI_CINIT_Limit                           
00001098  __TI_Handler_Table_Base                    
000010a4  __TI_Handler_Table_Limit                   
00000d11  __TI_auto_init_nobinit_nopinit             
00000b79  __TI_decompress_lzss                       
00000fed  __TI_decompress_none                       
ffffffff  __TI_pprof_out_hndl                        
ffffffff  __TI_prof_data_size                        
ffffffff  __TI_prof_data_start                       
00000000  __TI_static_base__                         
00001013  __TI_zero_init                             
00000915  __aeabi_cdrcmple                           
00000cc9  __aeabi_d2iz                               
000000ef  __aeabi_dadd                               
000000e5  __aeabi_dsub                               
00000d8d  __aeabi_f2d                                
00000a1d  __aeabi_memclr                             
00000a1d  __aeabi_memclr4                            
00000a1d  __aeabi_memclr8                            
00000767  __aeabi_memcpy                             
00000767  __aeabi_memcpy4                            
00000767  __aeabi_memcpy8                            
00000a1f  __aeabi_memset                             
00000a1f  __aeabi_memset4                            
00000a1f  __aeabi_memset8                            
ffffffff  __binit__                                  
ffffffff  __c_args__                                 
UNDEFED   __mpu_init                                 
2000fe00  __stack                                    
00000e61  _c_int00_noargs                            
20004b14  _lock                                      
00000803  _nop                                       
UNDEFED   _system_post_cinit                         
0000101f  _system_pre_init                           
20004b18  _unlock                                    
00001023  abort                                      
ffffffff  binit                                      
00000531  ceil                                       
00000531  ceill                                      
00000f29  delay                                      
20004b00  elapsedTime                                
20004b04  end                                        
20004b08  i                                          
00000000  interruptVectors                           
20004b10  interval                                   
0000029d  main                                       
000006c9  matrixMult                                 
00000767  memcpy                                     
00000a25  memset                                     
00000629  populateMatrix                             
00000e95  rand                                       
00000f4d  srand                                      
20004b0c  start                                      
00000f89  tic                                        
00000fa1  toc                                        
00001058  uartConfig                                 


GLOBAL SYMBOLS: SORTED BY Symbol Address 

address   name                                       
-------   ----                                       
00000000  __TI_static_base__                         
00000000  interruptVectors                           
000000e5  __aeabi_dsub                               
000000ef  __aeabi_dadd                               
00000200  __STACK_SIZE                               
0000029b  ADC14_IRQHandler                           
0000029b  AES256_IRQHandler                          
0000029b  BusFault_Handler                           
0000029b  COMP_E0_IRQHandler                         
0000029b  COMP_E1_IRQHandler                         
0000029b  CS_IRQHandler                              
0000029b  DMA_ERR_IRQHandler                         
0000029b  DMA_INT0_IRQHandler                        
0000029b  DMA_INT1_IRQHandler                        
0000029b  DMA_INT2_IRQHandler                        
0000029b  DMA_INT3_IRQHandler                        
0000029b  DebugMon_Handler                           
0000029b  Default_Handler                            
0000029b  EUSCIA1_IRQHandler                         
0000029b  EUSCIA2_IRQHandler                         
0000029b  EUSCIA3_IRQHandler                         
0000029b  EUSCIB0_IRQHandler                         
0000029b  EUSCIB1_IRQHandler                         
0000029b  EUSCIB2_IRQHandler                         
0000029b  EUSCIB3_IRQHandler                         
0000029b  FLCTL_IRQHandler                           
0000029b  FPU_IRQHandler                             
0000029b  HardFault_Handler                          
0000029b  MemManage_Handler                          
0000029b  NMI_Handler                                
0000029b  PCM_IRQHandler                             
0000029b  PORT1_IRQHandler                           
0000029b  PORT2_IRQHandler                           
0000029b  PORT3_IRQHandler                           
0000029b  PORT4_IRQHandler                           
0000029b  PORT5_IRQHandler                           
0000029b  PORT6_IRQHandler                           
0000029b  PSS_IRQHandler                             
0000029b  PendSV_Handler                             
0000029b  RTC_C_IRQHandler                           
0000029b  SVC_Handler                                
0000029b  SysTick_Handler                            
0000029b  T32_INT1_IRQHandler                        
0000029b  T32_INT2_IRQHandler                        
0000029b  T32_INTC_IRQHandler                        
0000029b  TA0_0_IRQHandler                           
0000029b  TA0_N_IRQHandler                           
0000029b  TA1_0_IRQHandler                           
0000029b  TA1_N_IRQHandler                           
0000029b  TA2_0_IRQHandler                           
0000029b  TA2_N_IRQHandler                           
0000029b  TA3_0_IRQHandler                           
0000029b  TA3_N_IRQHandler                           
0000029b  UsageFault_Handler                         
0000029b  WDT_A_IRQHandler                           
0000029d  main                                       
00000401  CS_initClockSignal                         
00000531  ceil                                       
00000531  ceill                                      
00000629  populateMatrix                             
000006c9  matrixMult                                 
00000767  __aeabi_memcpy                             
00000767  __aeabi_memcpy4                            
00000767  __aeabi_memcpy8                            
00000767  memcpy                                     
00000803  _nop                                       
00000805  GPIO_setAsPeripheralModuleFunctionInputPin 
0000088d  GPIO_setAsPeripheralModuleFunctionOutputPin
00000915  __aeabi_cdrcmple                           
0000099d  Interrupt_enableInterrupt                  
00000a1d  __aeabi_memclr                             
00000a1d  __aeabi_memclr4                            
00000a1d  __aeabi_memclr8                            
00000a1f  __aeabi_memset                             
00000a1f  __aeabi_memset4                            
00000a1f  __aeabi_memset8                            
00000a25  memset                                     
00000a99  SystemInit                                 
00000b11  Timer32_initModule                         
00000b79  __TI_decompress_lzss                       
00000be1  UART_getEnabledInterruptStatus             
00000c39  EUSCIA0_IRQHandler                         
00000c39  EUSCIA0_IRQHandler                         
00000c81  FlashCtl_setWaitState                      
00000cc9  __aeabi_d2iz                               
00000d11  __TI_auto_init_nobinit_nopinit             
00000d55  Timer32_startTimer                         
00000d8d  __aeabi_f2d                                
00000dc5  CS_setDCOCenteredFrequency                 
00000df9  Timer32_setCount                           
00000e2d  UART_transmitData                          
00000e61  _c_int00_noargs                            
00000e95  rand                                       
00000ec9  UART_enableInterrupt                       
00000ef9  UART_receiveData                           
00000f29  delay                                      
00000f4d  srand                                      
00000f71  UART_getInterruptStatus                    
00000f89  tic                                        
00000fa1  toc                                        
00000fb9  UART_clearInterruptFlag                    
00000fcf  Interrupt_enableMaster                     
00000fdf  Timer32_getValue                           
00000fed  __TI_decompress_none                       
00000ffb  CPU_cpsie                                  
00001007  Reset_Handler                              
00001013  __TI_zero_init                             
0000101f  _system_pre_init                           
00001023  C$$EXIT                                    
00001023  abort                                      
00001058  uartConfig                                 
00001098  __TI_Handler_Table_Base                    
000010a4  __TI_Handler_Table_Limit                   
000010b0  __TI_CINIT_Base                            
000010c0  __TI_CINIT_Limit                           
20000000  A                                          
20001900  B                                          
20003200  C                                          
20004b00  elapsedTime                                
20004b04  end                                        
20004b08  i                                          
20004b0c  start                                      
20004b10  interval                                   
20004b14  _lock                                      
20004b18  _unlock                                    
2000fe00  __stack                                    
20010000  __STACK_END                                
4000480c  WDTCTL_SYM                                 
ffffffff  __TI_pprof_out_hndl                        
ffffffff  __TI_prof_data_size                        
ffffffff  __TI_prof_data_start                       
ffffffff  __binit__                                  
ffffffff  __c_args__                                 
ffffffff  binit                                      
UNDEFED   __mpu_init                                 
UNDEFED   _system_post_cinit                         

[136 symbols]
